// Jest Snapshot v1, https://goo.gl/fbAQLP

exports[`<AddToCartComponent /> renders and matches snapshot 1`] = `
<button
  disabled={false}
  onClick={[Function]}
>
  Add
   to cart
</button>
`;
