// Jest Snapshot v1, https://goo.gl/fbAQLP

exports[`<RequestResetComponent /> calls the mutation 1`] = `
<p>
  Request sent successfully! Please check your email for a reset link.
</p>
`;

exports[`<RequestResetComponent /> renders and matches snapshot 1`] = `
<form
  className="Form-sc-1xszr8q-0 krRxky"
  data-test="form"
  onSubmit={[Function]}
>
  <fieldset
    aria-busy={false}
    disabled={false}
  >
    <h2>
      Request a password reset
    </h2>
    <DisplayError
      error={Object {}}
    />
    <label
      htmlFor="email"
    >
      Email
       
      <input
        name="email"
        onChange={[Function]}
        placeholder="email"
        type="email"
        value=""
      />
    </label>
    <button
      type="submit"
    >
      Send Request
    </button>
  </fieldset>
</form>
`;
