// Jest Snapshot v1, https://goo.gl/fbAQLP

exports[`<SigninComponent /> renders and displays the component 1`] = `
<form
  className="Form-sc-1xszr8q-0 krRxky"
  data-test="form"
  onSubmit={[Function]}
>
  <fieldset
    aria-busy={false}
    disabled={false}
  >
    <h2>
      Sign in to your account
    </h2>
    <DisplayError
      error={Object {}}
    />
    <label
      htmlFor="email"
    >
      Email
       
      <input
        name="email"
        onChange={[Function]}
        placeholder="email"
        type="email"
        value=""
      />
    </label>
    <label
      htmlFor="password"
    >
      Password
       
      <input
        name="password"
        onChange={[Function]}
        placeholder="password"
        type="password"
        value=""
      />
    </label>
    <button
      type="submit"
    >
      Sign In
    </button>
  </fieldset>
</form>
`;
